// Jest Snapshot v1, https://goo.gl/fbAQLP

exports[`Pruebas en <GifExpertApp/> Debe hacer match con el snapshot 1`] = `
<div>
  <h1>
    Buscador de Gifs
  </h1>
  <form
    aria-label="form"
  >
    <input
      placeholder="Buscar Gif"
      type="text"
      value=""
    />
  </form>
  <h1>
    party
  </h1>
  <h2>
    Cargando...
  </h2>
  <div
    class="card-grid"
  />
</div>
`;
